Analysis & Synthesis report for bbc_micro_de0
Mon Mar 31 14:15:22 2025
Quartus Prime Version 20.1.1 Build 720 11/11/2020 SJ Lite Edition


---------------------
; Table of Contents ;
---------------------
  1. Legal Notice
  2. Analysis & Synthesis Summary
  3. Analysis & Synthesis Settings
  4. Parallel Compilation
  5. Analysis & Synthesis Messages
  6. Analysis & Synthesis Suppressed Messages



----------------
; Legal Notice ;
----------------
Copyright (C) 2020  Intel Corporation. All rights reserved.
Your use of Intel Corporation's design tools, logic functions 
and other software and tools, and any partner logic 
functions, and any output files from any of the foregoing 
(including device programming or simulation files), and any 
associated documentation or information are expressly subject 
to the terms and conditions of the Intel Program License 
Subscription Agreement, the Intel Quartus Prime License Agreement,
the Intel FPGA IP License Agreement, or other applicable license
agreement, including, without limitation, that your use is for
the sole purpose of programming logic devices manufactured by
Intel and sold by Intel or its authorized distributors.  Please
refer to the applicable agreement for further details, at
https://fpgasoftware.intel.com/eula.



+----------------------------------------------------------------------------------+
; Analysis & Synthesis Summary                                                     ;
+------------------------------------+---------------------------------------------+
; Analysis & Synthesis Status        ; Failed - Mon Mar 31 14:15:22 2025           ;
; Quartus Prime Version              ; 20.1.1 Build 720 11/11/2020 SJ Lite Edition ;
; Revision Name                      ; bbc_micro_de0                               ;
; Top-level Entity Name              ; bbc_micro_de0                               ;
; Family                             ; Cyclone IV E                                ;
; Total logic elements               ; N/A until Partition Merge                   ;
;     Total combinational functions  ; N/A until Partition Merge                   ;
;     Dedicated logic registers      ; N/A until Partition Merge                   ;
; Total registers                    ; N/A until Partition Merge                   ;
; Total pins                         ; N/A until Partition Merge                   ;
; Total virtual pins                 ; N/A until Partition Merge                   ;
; Total memory bits                  ; N/A until Partition Merge                   ;
; Embedded Multiplier 9-bit elements ; N/A until Partition Merge                   ;
; Total PLLs                         ; N/A until Partition Merge                   ;
+------------------------------------+---------------------------------------------+


+------------------------------------------------------------------------------------------------------------+
; Analysis & Synthesis Settings                                                                              ;
+------------------------------------------------------------------+--------------------+--------------------+
; Option                                                           ; Setting            ; Default Value      ;
+------------------------------------------------------------------+--------------------+--------------------+
; Device                                                           ; EP4CE22F17C6       ;                    ;
; Top-level entity name                                            ; bbc_micro_de0      ; bbc_micro_de0      ;
; Family name                                                      ; Cyclone IV E       ; Cyclone V          ;
; VHDL Show LMF Mapping Messages                                   ; Off                ;                    ;
; VHDL Version                                                     ; VHDL_2008          ; VHDL_1993          ;
; Use smart compilation                                            ; Off                ; Off                ;
; Enable parallel Assembler and Timing Analyzer during compilation ; On                 ; On                 ;
; Enable compact report table                                      ; Off                ; Off                ;
; Restructure Multiplexers                                         ; Auto               ; Auto               ;
; Create Debugging Nodes for IP Cores                              ; Off                ; Off                ;
; Preserve fewer node names                                        ; On                 ; On                 ;
; Intel FPGA IP Evaluation Mode                                    ; Enable             ; Enable             ;
; Verilog Version                                                  ; Verilog_2001       ; Verilog_2001       ;
; State Machine Processing                                         ; Auto               ; Auto               ;
; Safe State Machine                                               ; Off                ; Off                ;
; Extract Verilog State Machines                                   ; On                 ; On                 ;
; Extract VHDL State Machines                                      ; On                 ; On                 ;
; Ignore Verilog initial constructs                                ; Off                ; Off                ;
; Iteration limit for constant Verilog loops                       ; 5000               ; 5000               ;
; Iteration limit for non-constant Verilog loops                   ; 250                ; 250                ;
; Add Pass-Through Logic to Inferred RAMs                          ; On                 ; On                 ;
; Infer RAMs from Raw Logic                                        ; On                 ; On                 ;
; Parallel Synthesis                                               ; On                 ; On                 ;
; DSP Block Balancing                                              ; Auto               ; Auto               ;
; NOT Gate Push-Back                                               ; On                 ; On                 ;
; Power-Up Don't Care                                              ; On                 ; On                 ;
; Remove Redundant Logic Cells                                     ; Off                ; Off                ;
; Remove Duplicate Registers                                       ; On                 ; On                 ;
; Ignore CARRY Buffers                                             ; Off                ; Off                ;
; Ignore CASCADE Buffers                                           ; Off                ; Off                ;
; Ignore GLOBAL Buffers                                            ; Off                ; Off                ;
; Ignore ROW GLOBAL Buffers                                        ; Off                ; Off                ;
; Ignore LCELL Buffers                                             ; Off                ; Off                ;
; Ignore SOFT Buffers                                              ; On                 ; On                 ;
; Limit AHDL Integers to 32 Bits                                   ; Off                ; Off                ;
; Optimization Technique                                           ; Balanced           ; Balanced           ;
; Carry Chain Length                                               ; 70                 ; 70                 ;
; Auto Carry Chains                                                ; On                 ; On                 ;
; Auto Open-Drain Pins                                             ; On                 ; On                 ;
; Perform WYSIWYG Primitive Resynthesis                            ; Off                ; Off                ;
; Auto ROM Replacement                                             ; On                 ; On                 ;
; Auto RAM Replacement                                             ; On                 ; On                 ;
; Auto DSP Block Replacement                                       ; On                 ; On                 ;
; Auto Shift Register Replacement                                  ; Auto               ; Auto               ;
; Allow Shift Register Merging across Hierarchies                  ; Auto               ; Auto               ;
; Auto Clock Enable Replacement                                    ; On                 ; On                 ;
; Strict RAM Replacement                                           ; Off                ; Off                ;
; Allow Synchronous Control Signals                                ; On                 ; On                 ;
; Force Use of Synchronous Clear Signals                           ; Off                ; Off                ;
; Auto RAM Block Balancing                                         ; On                 ; On                 ;
; Auto RAM to Logic Cell Conversion                                ; Off                ; Off                ;
; Auto Resource Sharing                                            ; Off                ; Off                ;
; Allow Any RAM Size For Recognition                               ; Off                ; Off                ;
; Allow Any ROM Size For Recognition                               ; Off                ; Off                ;
; Allow Any Shift Register Size For Recognition                    ; Off                ; Off                ;
; Use LogicLock Constraints during Resource Balancing              ; On                 ; On                 ;
; Ignore translate_off and synthesis_off directives                ; Off                ; Off                ;
; Timing-Driven Synthesis                                          ; On                 ; On                 ;
; Report Parameter Settings                                        ; On                 ; On                 ;
; Report Source Assignments                                        ; On                 ; On                 ;
; Report Connectivity Checks                                       ; On                 ; On                 ;
; Ignore Maximum Fan-Out Assignments                               ; Off                ; Off                ;
; Synchronization Register Chain Length                            ; 2                  ; 2                  ;
; Power Optimization During Synthesis                              ; Normal compilation ; Normal compilation ;
; HDL message level                                                ; Level2             ; Level2             ;
; Suppress Register Optimization Related Messages                  ; Off                ; Off                ;
; Number of Removed Registers Reported in Synthesis Report         ; 5000               ; 5000               ;
; Number of Swept Nodes Reported in Synthesis Report               ; 5000               ; 5000               ;
; Number of Inverted Registers Reported in Synthesis Report        ; 100                ; 100                ;
; Clock MUX Protection                                             ; On                 ; On                 ;
; Auto Gated Clock Conversion                                      ; Off                ; Off                ;
; Block Design Naming                                              ; Auto               ; Auto               ;
; SDC constraint protection                                        ; Off                ; Off                ;
; Synthesis Effort                                                 ; Auto               ; Auto               ;
; Shift Register Replacement - Allow Asynchronous Clear Signal     ; On                 ; On                 ;
; Pre-Mapping Resynthesis Optimization                             ; Off                ; Off                ;
; Analysis & Synthesis Message Level                               ; Medium             ; Medium             ;
; Disable Register Merging Across Hierarchies                      ; Auto               ; Auto               ;
; Resource Aware Inference For Block RAM                           ; On                 ; On                 ;
+------------------------------------------------------------------+--------------------+--------------------+


+------------------------------------------+
; Parallel Compilation                     ;
+----------------------------+-------------+
; Processors                 ; Number      ;
+----------------------------+-------------+
; Number detected on machine ; 16          ;
; Maximum allowed            ; 16          ;
;                            ;             ;
; Average used               ; 1.00        ;
; Maximum used               ; 1           ;
;                            ;             ;
; Usage by Processor         ; % Time Used ;
;     Processor 1            ; 100.0%      ;
+----------------------------+-------------+


+-------------------------------+
; Analysis & Synthesis Messages ;
+-------------------------------+
Info: *******************************************************************
Info: Running Quartus Prime Analysis & Synthesis
    Info: Version 20.1.1 Build 720 11/11/2020 SJ Lite Edition
    Info: Copyright (C) 2020  Intel Corporation. All rights reserved.
    Info: Your use of Intel Corporation's design tools, logic functions 
    Info: and other software and tools, and any partner logic 
    Info: functions, and any output files from any of the foregoing 
    Info: (including device programming or simulation files), and any 
    Info: associated documentation or information are expressly subject 
    Info: to the terms and conditions of the Intel Program License 
    Info: Subscription Agreement, the Intel Quartus Prime License Agreement,
    Info: the Intel FPGA IP License Agreement, or other applicable license
    Info: agreement, including, without limitation, that your use is for
    Info: the sole purpose of programming logic devices manufactured by
    Info: Intel and sold by Intel or its authorized distributors.  Please
    Info: refer to the applicable agreement for further details, at
    Info: https://fpgasoftware.intel.com/eula.
    Info: Processing started: Mon Mar 31 14:15:15 2025
Info: Command: quartus_map --read_settings_files=on bbc_micro_de0
Warning (18236): Number of processors has not been specified which may cause overloading on shared machines.  Set the global assignment NUM_PARALLEL_PROCESSORS in your QSF to an appropriate value for best performance.
Info (20030): Parallel compilation is enabled and will use 16 of the 16 processors detected
Info (12021): Found 2 design units, including 1 entities, in source file /users/dominic/documents/github/beebfpga_dom/atombusmon/src/t6502/t65_alu.vhd
    Info (12022): Found design unit 1: T65_ALU-rtl File: C:/Users/Dominic/Documents/GitHub/BeebFpga_Dom/AtomBusMon/src/T6502/T65_ALU.vhd Line: 69
    Info (12023): Found entity 1: T65_ALU File: C:/Users/Dominic/Documents/GitHub/BeebFpga_Dom/AtomBusMon/src/T6502/T65_ALU.vhd Line: 57
Info (12021): Found 2 design units, including 1 entities, in source file /users/dominic/documents/github/beebfpga_dom/atombusmon/src/t6502/t65_mcode.vhd
    Info (12022): Found design unit 1: T65_MCode-rtl File: C:/Users/Dominic/Documents/GitHub/BeebFpga_Dom/AtomBusMon/src/T6502/T65_MCode.vhd Line: 92
    Info (12023): Found entity 1: T65_MCode File: C:/Users/Dominic/Documents/GitHub/BeebFpga_Dom/AtomBusMon/src/T6502/T65_MCode.vhd Line: 58
Info (12021): Found 2 design units, including 0 entities, in source file /users/dominic/documents/github/beebfpga_dom/atombusmon/src/t6502/t65_pack.vhd
    Info (12022): Found design unit 1: T65_Pack File: C:/Users/Dominic/Documents/GitHub/BeebFpga_Dom/AtomBusMon/src/T6502/T65_Pack.vhd Line: 55
    Info (12022): Found design unit 2: T65_Pack-body File: C:/Users/Dominic/Documents/GitHub/BeebFpga_Dom/AtomBusMon/src/T6502/T65_Pack.vhd Line: 154
Info (12021): Found 2 design units, including 1 entities, in source file /users/dominic/documents/github/beebfpga_dom/atombusmon/src/t6502/t65.vhd
    Info (12022): Found design unit 1: T65-rtl File: C:/Users/Dominic/Documents/GitHub/BeebFpga_Dom/AtomBusMon/src/T6502/T65.vhd Line: 159
    Info (12023): Found entity 1: T65 File: C:/Users/Dominic/Documents/GitHub/BeebFpga_Dom/AtomBusMon/src/T6502/T65.vhd Line: 130
Info (12021): Found 2 design units, including 1 entities, in source file /users/dominic/documents/github/beebfpga_dom/src/common/audioresampler/buffer_ram.vhd
    Info (12022): Found design unit 1: buffer_ram-rtl File: C:/Users/Dominic/Documents/GitHub/BeebFpga_Dom/src/common/audioresampler/buffer_ram.vhd Line: 21
    Info (12023): Found entity 1: buffer_ram File: C:/Users/Dominic/Documents/GitHub/BeebFpga_Dom/src/common/audioresampler/buffer_ram.vhd Line: 5
Info (12021): Found 2 design units, including 1 entities, in source file /users/dominic/documents/github/beebfpga_dom/src/common/audioresampler/coeff_rom.vhd
    Info (12022): Found design unit 1: coeff_rom-rtl File: C:/Users/Dominic/Documents/GitHub/BeebFpga_Dom/src/common/audioresampler/coeff_rom.vhd Line: 18
    Info (12023): Found entity 1: coeff_rom File: C:/Users/Dominic/Documents/GitHub/BeebFpga_Dom/src/common/audioresampler/coeff_rom.vhd Line: 5
Info (12021): Found 2 design units, including 1 entities, in source file /users/dominic/documents/github/beebfpga_dom/src/common/audioresampler/sample_rate_converter.vhd
    Info (12022): Found design unit 1: sample_rate_converter-rtl File: C:/Users/Dominic/Documents/GitHub/BeebFpga_Dom/src/common/audioresampler/sample_rate_converter.vhd Line: 81
    Info (12023): Found entity 1: sample_rate_converter File: C:/Users/Dominic/Documents/GitHub/BeebFpga_Dom/src/common/audioresampler/sample_rate_converter.vhd Line: 44
Info (12021): Found 2 design units, including 0 entities, in source file /users/dominic/documents/github/beebfpga_dom/src/common/audioresampler/sample_rate_converter_pkg.vhd
    Info (12022): Found design unit 1: sample_rate_converter_pkg File: C:/Users/Dominic/Documents/GitHub/BeebFpga_Dom/src/common/audioresampler/sample_rate_converter_pkg.vhd Line: 40
    Info (12022): Found design unit 2: sample_rate_converter_pkg-body File: C:/Users/Dominic/Documents/GitHub/BeebFpga_Dom/src/common/audioresampler/sample_rate_converter_pkg.vhd Line: 64
Info (12021): Found 2 design units, including 1 entities, in source file /users/dominic/documents/github/beebfpga_dom/src/common/bbc_micro_core.vhd
    Info (12022): Found design unit 1: bbc_micro_core-rtl File: C:/Users/Dominic/Documents/GitHub/BeebFpga_Dom/src/common/bbc_micro_core.vhd Line: 273
    Info (12023): Found entity 1: bbc_micro_core File: C:/Users/Dominic/Documents/GitHub/BeebFpga_Dom/src/common/bbc_micro_core.vhd Line: 57
Info (12021): Found 2 design units, including 1 entities, in source file /users/dominic/documents/github/beebfpga_dom/src/common/copro6502.vhd
    Info (12022): Found design unit 1: CoPro6502-BEHAVIORAL File: C:/Users/Dominic/Documents/GitHub/BeebFpga_Dom/src/common/CoPro6502.vhd Line: 36
    Info (12023): Found entity 1: CoPro6502 File: C:/Users/Dominic/Documents/GitHub/BeebFpga_Dom/src/common/CoPro6502.vhd Line: 8
Info (12021): Found 2 design units, including 1 entities, in source file /users/dominic/documents/github/beebfpga_dom/src/common/hdmi/encoder.vhd
    Info (12022): Found design unit 1: encoder-rtl File: C:/Users/Dominic/Documents/GitHub/BeebFpga_Dom/src/common/hdmi/encoder.vhd Line: 30
    Info (12023): Found entity 1: encoder File: C:/Users/Dominic/Documents/GitHub/BeebFpga_Dom/src/common/hdmi/encoder.vhd Line: 19
Info (12021): Found 1 design units, including 1 entities, in source file /users/dominic/documents/github/beebfpga_dom/src/common/hdmi/hdmidataencoder.v
    Info (12023): Found entity 1: hdmidataencoder File: C:/Users/Dominic/Documents/GitHub/BeebFpga_Dom/src/common/hdmi/hdmidataencoder.v Line: 11
Info (12021): Found 2 design units, including 1 entities, in source file /users/dominic/documents/github/beebfpga_dom/src/common/hdmi/hdmidelay.vhd
    Info (12022): Found design unit 1: hdmi_delay_line-rtl File: C:/Users/Dominic/Documents/GitHub/BeebFpga_Dom/src/common/hdmi/hdmidelay.vhd Line: 21
    Info (12023): Found entity 1: hdmi_delay_line File: C:/Users/Dominic/Documents/GitHub/BeebFpga_Dom/src/common/hdmi/hdmidelay.vhd Line: 11
Info (12021): Found 2 design units, including 1 entities, in source file /users/dominic/documents/github/beebfpga_dom/src/common/hdmi/hdmi.vhd
    Info (12022): Found design unit 1: hdmi-rtl File: C:/Users/Dominic/Documents/GitHub/BeebFpga_Dom/src/common/hdmi/hdmi.vhd Line: 49
    Info (12023): Found entity 1: hdmi File: C:/Users/Dominic/Documents/GitHub/BeebFpga_Dom/src/common/hdmi/hdmi.vhd Line: 19
Info (12021): Found 2 design units, including 1 entities, in source file /users/dominic/documents/github/beebfpga_dom/src/common/keyboard.vhd
    Info (12022): Found design unit 1: keyboard-rtl File: C:/Users/Dominic/Documents/GitHub/BeebFpga_Dom/src/common/keyboard.vhd Line: 96
    Info (12023): Found entity 1: keyboard File: C:/Users/Dominic/Documents/GitHub/BeebFpga_Dom/src/common/keyboard.vhd Line: 47
Info (12021): Found 2 design units, including 1 entities, in source file /users/dominic/documents/github/beebfpga_dom/src/common/m6522.vhd
    Info (12022): Found design unit 1: M6522-RTL File: C:/Users/Dominic/Documents/GitHub/BeebFpga_Dom/src/common/m6522.vhd Line: 101
    Info (12023): Found entity 1: M6522 File: C:/Users/Dominic/Documents/GitHub/BeebFpga_Dom/src/common/m6522.vhd Line: 58
Info (12021): Found 2 design units, including 1 entities, in source file /users/dominic/documents/github/beebfpga_dom/src/common/mc6845.vhd
    Info (12022): Found design unit 1: mc6845-rtl File: C:/Users/Dominic/Documents/GitHub/BeebFpga_Dom/src/common/mc6845.vhd Line: 77
    Info (12023): Found entity 1: mc6845 File: C:/Users/Dominic/Documents/GitHub/BeebFpga_Dom/src/common/mc6845.vhd Line: 47
Warning (10335): Unrecognized synthesis attribute "rom_extract" at ../../../src/common/mouse/ps2interface.vhd(181) File: C:/Users/Dominic/Documents/GitHub/BeebFpga_Dom/src/common/mouse/ps2interface.vhd Line: 181
Warning (10335): Unrecognized synthesis attribute "rom_style" at ../../../src/common/mouse/ps2interface.vhd(183) File: C:/Users/Dominic/Documents/GitHub/BeebFpga_Dom/src/common/mouse/ps2interface.vhd Line: 183
Info (12021): Found 2 design units, including 1 entities, in source file /users/dominic/documents/github/beebfpga_dom/src/common/mouse/ps2interface.vhd
    Info (12022): Found design unit 1: ps2interface-Behavioral File: C:/Users/Dominic/Documents/GitHub/BeebFpga_Dom/src/common/mouse/ps2interface.vhd Line: 187
    Info (12023): Found entity 1: ps2interface File: C:/Users/Dominic/Documents/GitHub/BeebFpga_Dom/src/common/mouse/ps2interface.vhd Line: 153
Info (12021): Found 2 design units, including 1 entities, in source file /users/dominic/documents/github/beebfpga_dom/src/common/mouse/quadrature_controller.vhd
    Info (12022): Found design unit 1: quadrature_controller-Behavioral File: C:/Users/Dominic/Documents/GitHub/BeebFpga_Dom/src/common/mouse/quadrature_controller.vhd Line: 39
    Info (12023): Found entity 1: quadrature_controller File: C:/Users/Dominic/Documents/GitHub/BeebFpga_Dom/src/common/mouse/quadrature_controller.vhd Line: 19
Info (12021): Found 2 design units, including 1 entities, in source file /users/dominic/documents/github/beebfpga_dom/src/common/mouse/quadrature_fsm.vhd
    Info (12022): Found design unit 1: quadrature_fsm-Behavioral File: C:/Users/Dominic/Documents/GitHub/BeebFpga_Dom/src/common/mouse/quadrature_fsm.vhd Line: 24
    Info (12023): Found entity 1: quadrature_fsm File: C:/Users/Dominic/Documents/GitHub/BeebFpga_Dom/src/common/mouse/quadrature_fsm.vhd Line: 12
Info (12021): Found 2 design units, including 1 entities, in source file /users/dominic/documents/github/beebfpga_dom/src/common/music5000/loglinrom.vhd
    Info (12022): Found design unit 1: LogLinRom-RTL File: C:/Users/Dominic/Documents/GitHub/BeebFpga_Dom/src/common/music5000/LogLinRom.vhd Line: 14
    Info (12023): Found entity 1: LogLinRom File: C:/Users/Dominic/Documents/GitHub/BeebFpga_Dom/src/common/music5000/LogLinRom.vhd Line: 6
Info (12021): Found 2 design units, including 1 entities, in source file /users/dominic/documents/github/beebfpga_dom/src/common/music5000/music5000.vhd
    Info (12022): Found design unit 1: Music5000-Behavioral File: C:/Users/Dominic/Documents/GitHub/BeebFpga_Dom/src/common/music5000/Music5000.vhd Line: 52
    Info (12023): Found entity 1: Music5000 File: C:/Users/Dominic/Documents/GitHub/BeebFpga_Dom/src/common/music5000/Music5000.vhd Line: 24
Info (12021): Found 2 design units, including 1 entities, in source file /users/dominic/documents/github/beebfpga_dom/src/common/music5000/iir_filter.vhd
    Info (12022): Found design unit 1: iir_filter-Behavioral File: C:/Users/Dominic/Documents/GitHub/BeebFpga_Dom/src/common/music5000/iir_filter.vhd Line: 24
    Info (12023): Found entity 1: iir_filter File: C:/Users/Dominic/Documents/GitHub/BeebFpga_Dom/src/common/music5000/iir_filter.vhd Line: 6
Info (12021): Found 2 design units, including 1 entities, in source file /users/dominic/documents/github/beebfpga_dom/src/common/music5000/spdif_serializer.vhd
    Info (12022): Found design unit 1: spdif_serializer-Behavioral File: C:/Users/Dominic/Documents/GitHub/BeebFpga_Dom/src/common/music5000/spdif_serializer.vhd Line: 25
    Info (12023): Found entity 1: spdif_serializer File: C:/Users/Dominic/Documents/GitHub/BeebFpga_Dom/src/common/music5000/spdif_serializer.vhd Line: 14
Info (12021): Found 2 design units, including 1 entities, in source file /users/dominic/documents/github/beebfpga_dom/src/common/rtc.vhd
    Info (12022): Found design unit 1: rtc-rtl File: C:/Users/Dominic/Documents/GitHub/BeebFpga_Dom/src/common/rtc.vhd Line: 26
    Info (12023): Found entity 1: rtc File: C:/Users/Dominic/Documents/GitHub/BeebFpga_Dom/src/common/rtc.vhd Line: 6
Info (12021): Found 2 design units, including 1 entities, in source file /users/dominic/documents/github/beebfpga_dom/src/common/saa5050.vhd
    Info (12022): Found design unit 1: saa5050-rtl File: C:/Users/Dominic/Documents/GitHub/BeebFpga_Dom/src/common/saa5050.vhd Line: 100
    Info (12023): Found entity 1: saa5050 File: C:/Users/Dominic/Documents/GitHub/BeebFpga_Dom/src/common/saa5050.vhd Line: 63
Info (12021): Found 2 design units, including 1 entities, in source file /users/dominic/documents/github/beebfpga_dom/src/common/scandoubler/mist_scandoubler.vhd
    Info (12022): Found design unit 1: mist_scandoubler-rtl File: C:/Users/Dominic/Documents/GitHub/BeebFpga_Dom/src/common/scandoubler/mist_scandoubler.vhd Line: 57
    Info (12023): Found entity 1: mist_scandoubler File: C:/Users/Dominic/Documents/GitHub/BeebFpga_Dom/src/common/scandoubler/mist_scandoubler.vhd Line: 28
Info (12021): Found 2 design units, including 1 entities, in source file /users/dominic/documents/github/beebfpga_dom/src/common/scandoubler/retimer.vhd
    Info (12022): Found design unit 1: retimer-rtl File: C:/Users/Dominic/Documents/GitHub/BeebFpga_Dom/src/common/scandoubler/retimer.vhd Line: 40
    Info (12023): Found entity 1: retimer File: C:/Users/Dominic/Documents/GitHub/BeebFpga_Dom/src/common/scandoubler/retimer.vhd Line: 7
Info (12021): Found 2 design units, including 1 entities, in source file /users/dominic/documents/github/beebfpga_dom/src/common/scandoubler/rgb2vga_dpram.vhd
    Info (12022): Found design unit 1: rgb2vga_dpram-behavioral File: C:/Users/Dominic/Documents/GitHub/BeebFpga_Dom/src/common/scandoubler/rgb2vga_dpram.vhd Line: 20
    Info (12023): Found entity 1: rgb2vga_dpram File: C:/Users/Dominic/Documents/GitHub/BeebFpga_Dom/src/common/scandoubler/rgb2vga_dpram.vhd Line: 5
Info (12021): Found 2 design units, including 1 entities, in source file /users/dominic/documents/github/beebfpga_dom/src/common/scandoubler/rgb2vga_scandoubler.vhd
    Info (12022): Found design unit 1: rgb2vga_scandoubler-rtl File: C:/Users/Dominic/Documents/GitHub/BeebFpga_Dom/src/common/scandoubler/rgb2vga_scandoubler.vhd Line: 52
    Info (12023): Found entity 1: rgb2vga_scandoubler File: C:/Users/Dominic/Documents/GitHub/BeebFpga_Dom/src/common/scandoubler/rgb2vga_scandoubler.vhd Line: 22
Info (12021): Found 2 design units, including 1 entities, in source file /users/dominic/documents/github/beebfpga_dom/src/common/sid/sid_6581.vhd
    Info (12022): Found design unit 1: sid6581-Behavioral File: C:/Users/Dominic/Documents/GitHub/BeebFpga_Dom/src/common/SID/sid_6581.vhd Line: 62
    Info (12023): Found entity 1: sid6581 File: C:/Users/Dominic/Documents/GitHub/BeebFpga_Dom/src/common/SID/sid_6581.vhd Line: 41
Info (12021): Found 2 design units, including 1 entities, in source file /users/dominic/documents/github/beebfpga_dom/src/common/sid/sid_coeffs.vhd
    Info (12022): Found design unit 1: sid_coeffs-beh File: C:/Users/Dominic/Documents/GitHub/BeebFpga_Dom/src/common/SID/sid_coeffs.vhd Line: 13
    Info (12023): Found entity 1: sid_coeffs File: C:/Users/Dominic/Documents/GitHub/BeebFpga_Dom/src/common/SID/sid_coeffs.vhd Line: 5
Info (12021): Found 4 design units, including 2 entities, in source file /users/dominic/documents/github/beebfpga_dom/src/common/sid/sid_components.vhd
    Info (12022): Found design unit 1: pwm_sddac-rtl File: C:/Users/Dominic/Documents/GitHub/BeebFpga_Dom/src/common/SID/sid_components.vhd Line: 45
    Info (12022): Found design unit 2: pwm_sdadc-rtl File: C:/Users/Dominic/Documents/GitHub/BeebFpga_Dom/src/common/SID/sid_components.vhd Line: 81
    Info (12023): Found entity 1: pwm_sddac File: C:/Users/Dominic/Documents/GitHub/BeebFpga_Dom/src/common/SID/sid_components.vhd Line: 33
    Info (12023): Found entity 2: pwm_sdadc File: C:/Users/Dominic/Documents/GitHub/BeebFpga_Dom/src/common/SID/sid_components.vhd Line: 71
Info (12021): Found 2 design units, including 1 entities, in source file /users/dominic/documents/github/beebfpga_dom/src/common/sid/sid_filters.vhd
    Info (12022): Found design unit 1: sid_filters-beh File: C:/Users/Dominic/Documents/GitHub/BeebFpga_Dom/src/common/SID/sid_filters.vhd Line: 30
    Info (12023): Found entity 1: sid_filters File: C:/Users/Dominic/Documents/GitHub/BeebFpga_Dom/src/common/SID/sid_filters.vhd Line: 8
Info (12021): Found 2 design units, including 1 entities, in source file /users/dominic/documents/github/beebfpga_dom/src/common/sid/sid_voice.vhd
    Info (12022): Found design unit 1: sid_voice-Behavioral File: C:/Users/Dominic/Documents/GitHub/BeebFpga_Dom/src/common/SID/sid_voice.vhd Line: 40
    Info (12023): Found entity 1: sid_voice File: C:/Users/Dominic/Documents/GitHub/BeebFpga_Dom/src/common/SID/sid_voice.vhd Line: 20
Info (12021): Found 2 design units, including 1 entities, in source file /users/dominic/documents/github/beebfpga_dom/src/common/sn76489.vhd
    Info (12022): Found design unit 1: sn76489_audio-rtl File: C:/Users/Dominic/Documents/GitHub/BeebFpga_Dom/src/common/sn76489.vhd Line: 138
    Info (12023): Found entity 1: sn76489_audio File: C:/Users/Dominic/Documents/GitHub/BeebFpga_Dom/src/common/sn76489.vhd Line: 108
Info (12021): Found 2 design units, including 1 entities, in source file /users/dominic/documents/github/beebfpga_dom/src/common/spi.vhd
    Info (12022): Found design unit 1: SPI_Port-Behavioral File: C:/Users/Dominic/Documents/GitHub/BeebFpga_Dom/src/common/spi.vhd Line: 22
    Info (12023): Found entity 1: SPI_Port File: C:/Users/Dominic/Documents/GitHub/BeebFpga_Dom/src/common/spi.vhd Line: 6
Info (12021): Found 1 design units, including 1 entities, in source file /users/dominic/documents/github/beebfpga_dom/src/common/tube/hp_bytequad.v
    Info (12023): Found entity 1: hp_bytequad File: C:/Users/Dominic/Documents/GitHub/BeebFpga_Dom/src/common/Tube/hp_bytequad.v Line: 24
Info (12021): Found 1 design units, including 1 entities, in source file /users/dominic/documents/github/beebfpga_dom/src/common/tube/hp_byte.v
    Info (12023): Found entity 1: hp_byte File: C:/Users/Dominic/Documents/GitHub/BeebFpga_Dom/src/common/Tube/hp_byte.v Line: 24
Info (12021): Found 1 design units, including 1 entities, in source file /users/dominic/documents/github/beebfpga_dom/src/common/tube/hp_flag_m.v
    Info (12023): Found entity 1: hp_flag_m File: C:/Users/Dominic/Documents/GitHub/BeebFpga_Dom/src/common/Tube/hp_flag_m.v Line: 6
Info (12021): Found 1 design units, including 1 entities, in source file /users/dominic/documents/github/beebfpga_dom/src/common/tube/hp_reg3.v
    Info (12023): Found entity 1: hp_reg3 File: C:/Users/Dominic/Documents/GitHub/BeebFpga_Dom/src/common/Tube/hp_reg3.v Line: 24
Info (12021): Found 1 design units, including 1 entities, in source file /users/dominic/documents/github/beebfpga_dom/src/common/tube/ph_bytequad.v
    Info (12023): Found entity 1: ph_bytequad File: C:/Users/Dominic/Documents/GitHub/BeebFpga_Dom/src/common/Tube/ph_bytequad.v Line: 24
Info (12021): Found 1 design units, including 1 entities, in source file /users/dominic/documents/github/beebfpga_dom/src/common/tube/ph_byte.v
    Info (12023): Found entity 1: ph_byte File: C:/Users/Dominic/Documents/GitHub/BeebFpga_Dom/src/common/Tube/ph_byte.v Line: 24
Info (12021): Found 1 design units, including 1 entities, in source file /users/dominic/documents/github/beebfpga_dom/src/common/tube/ph_flag_m.v
    Info (12023): Found entity 1: ph_flag_m File: C:/Users/Dominic/Documents/GitHub/BeebFpga_Dom/src/common/Tube/ph_flag_m.v Line: 6
Info (12021): Found 1 design units, including 1 entities, in source file /users/dominic/documents/github/beebfpga_dom/src/common/tube/ph_reg3.v
    Info (12023): Found entity 1: ph_reg3 File: C:/Users/Dominic/Documents/GitHub/BeebFpga_Dom/src/common/Tube/ph_reg3.v Line: 24
Info (12021): Found 2 design units, including 1 entities, in source file /users/dominic/documents/github/beebfpga_dom/src/common/tuberom_65c102.vhd
    Info (12022): Found design unit 1: tuberom_65c102-RTL File: C:/Users/Dominic/Documents/GitHub/BeebFpga_Dom/src/common/tuberom_65c102.vhd Line: 13
    Info (12023): Found entity 1: tuberom_65c102 File: C:/Users/Dominic/Documents/GitHub/BeebFpga_Dom/src/common/tuberom_65c102.vhd Line: 5
Info (12021): Found 1 design units, including 0 entities, in source file /users/dominic/documents/github/beebfpga_dom/src/common/tube/tube_comp_pack.vhd
    Info (12022): Found design unit 1: tube_comp_pack File: C:/Users/Dominic/Documents/GitHub/BeebFpga_Dom/src/common/Tube/tube_comp_pack.vhd Line: 4
Info (12021): Found 1 design units, including 1 entities, in source file /users/dominic/documents/github/beebfpga_dom/src/common/tube/tube.v
    Info (12023): Found entity 1: tube File: C:/Users/Dominic/Documents/GitHub/BeebFpga_Dom/src/common/Tube/tube.v Line: 66
Info (12021): Found 2 design units, including 1 entities, in source file /users/dominic/documents/github/beebfpga_dom/src/common/upd7002.vhd
    Info (12022): Found design unit 1: upd7002-rtl File: C:/Users/Dominic/Documents/GitHub/BeebFpga_Dom/src/common/upd7002.vhd Line: 25
    Info (12023): Found entity 1: upd7002 File: C:/Users/Dominic/Documents/GitHub/BeebFpga_Dom/src/common/upd7002.vhd Line: 6
Info (12021): Found 2 design units, including 1 entities, in source file /users/dominic/documents/github/beebfpga_dom/src/common/vidproc_orig.vhd
    Info (12022): Found design unit 1: vidproc_orig-rtl File: C:/Users/Dominic/Documents/GitHub/BeebFpga_Dom/src/common/vidproc_orig.vhd Line: 108
    Info (12023): Found entity 1: vidproc_orig File: C:/Users/Dominic/Documents/GitHub/BeebFpga_Dom/src/common/vidproc_orig.vhd Line: 47
Info (12021): Found 2 design units, including 1 entities, in source file /users/dominic/documents/github/beebfpga_dom/src/common/vidproc.vhd
    Info (12022): Found design unit 1: vidproc-rtl File: C:/Users/Dominic/Documents/GitHub/BeebFpga_Dom/src/common/vidproc.vhd Line: 147
    Info (12023): Found entity 1: vidproc File: C:/Users/Dominic/Documents/GitHub/BeebFpga_Dom/src/common/vidproc.vhd Line: 81
Info (12021): Found 2 design units, including 1 entities, in source file /users/dominic/documents/github/beebfpga_dom/src/common/bootstrap/spi_flash.vhd
    Info (12022): Found design unit 1: spi_flash-RTL File: C:/Users/Dominic/Documents/GitHub/BeebFpga_Dom/src/common/bootstrap/spi_flash.vhd Line: 54
    Info (12023): Found entity 1: spi_flash File: C:/Users/Dominic/Documents/GitHub/BeebFpga_Dom/src/common/bootstrap/spi_flash.vhd Line: 34
Info (12021): Found 2 design units, including 1 entities, in source file /users/dominic/documents/github/beebfpga_dom/src/common/bootstrap/bootstrap.vhd
    Info (12022): Found design unit 1: bootstrap-behavioral File: C:/Users/Dominic/Documents/GitHub/BeebFpga_Dom/src/common/bootstrap/bootstrap.vhd Line: 71
    Info (12023): Found entity 1: bootstrap File: C:/Users/Dominic/Documents/GitHub/BeebFpga_Dom/src/common/bootstrap/bootstrap.vhd Line: 24
Info (12021): Found 2 design units, including 0 entities, in source file /users/dominic/documents/github/beebfpga_dom/src/common/library/common.vhd
    Info (12022): Found design unit 1: common File: C:/Users/Dominic/Documents/GitHub/BeebFpga_Dom/src/common/library/common.vhd Line: 45
    Info (12022): Found design unit 2: common-body File: C:/Users/Dominic/Documents/GitHub/BeebFpga_Dom/src/common/library/common.vhd Line: 56
Info (12021): Found 2 design units, including 1 entities, in source file /users/dominic/documents/github/beebfpga_dom/src/common/music5000/ram2k.vhd
    Info (12022): Found design unit 1: Ram2K-BEHAVIORAL File: C:/Users/Dominic/Documents/GitHub/BeebFpga_Dom/src/common/music5000/Ram2K.vhd Line: 22
    Info (12023): Found entity 1: Ram2K File: C:/Users/Dominic/Documents/GitHub/BeebFpga_Dom/src/common/music5000/Ram2K.vhd Line: 5
Info (12021): Found 2 design units, including 1 entities, in source file /users/dominic/documents/github/beebfpga_dom/atombusmon/src/aland/r65cx2.vhd
    Info (12022): Found design unit 1: R65C02-Behavioral File: C:/Users/Dominic/Documents/GitHub/BeebFpga_Dom/AtomBusMon/src/AlanD/R65Cx2.vhd Line: 49
    Info (12023): Found entity 1: R65C02 File: C:/Users/Dominic/Documents/GitHub/BeebFpga_Dom/AtomBusMon/src/AlanD/R65Cx2.vhd Line: 16
Info (12021): Found 2 design units, including 1 entities, in source file /users/dominic/documents/github/beebfpga_dom/src/common/saa5050_rom_dual_port.vhd
    Info (12022): Found design unit 1: saa5050_rom_dual_port-RTL File: C:/Users/Dominic/Documents/GitHub/BeebFpga_Dom/src/common/saa5050_rom_dual_port.vhd Line: 20
    Info (12023): Found entity 1: saa5050_rom_dual_port File: C:/Users/Dominic/Documents/GitHub/BeebFpga_Dom/src/common/saa5050_rom_dual_port.vhd Line: 6
Info (12021): Found 2 design units, including 1 entities, in source file /users/dominic/documents/github/beebfpga_dom/src/common/1bitvideo/dac_1bit.vhd
    Info (12022): Found design unit 1: dac_1bit-dac_1bit_arc File: C:/Users/Dominic/Documents/GitHub/BeebFpga_Dom/src/common/1bitvideo/dac_1bit.vhd Line: 63
    Info (12023): Found entity 1: dac_1bit File: C:/Users/Dominic/Documents/GitHub/BeebFpga_Dom/src/common/1bitvideo/dac_1bit.vhd Line: 47
Info (12021): Found 2 design units, including 1 entities, in source file /users/dominic/documents/github/beebfpga_dom/src/common/1bitvideo/dossy_chroma.vhd
    Info (12022): Found design unit 1: dossy_chroma-rtl File: C:/Users/Dominic/Documents/GitHub/BeebFpga_Dom/src/common/1bitvideo/dossy_chroma.vhd Line: 94
    Info (12023): Found entity 1: dossy_chroma File: C:/Users/Dominic/Documents/GitHub/BeebFpga_Dom/src/common/1bitvideo/dossy_chroma.vhd Line: 47
Info (12021): Found 2 design units, including 1 entities, in source file /users/dominic/documents/github/beebfpga_dom/src/altera/de0-nano/bbc_micro_de0.vhd
    Info (12022): Found design unit 1: bbc_micro_de0-rtl File: C:/Users/Dominic/Documents/GitHub/BeebFpga_Dom/src/altera/de0-nano/bbc_micro_de0.vhd Line: 137
    Info (12023): Found entity 1: bbc_micro_de0 File: C:/Users/Dominic/Documents/GitHub/BeebFpga_Dom/src/altera/de0-nano/bbc_micro_de0.vhd Line: 58
Info (12021): Found 2 design units, including 1 entities, in source file pll_50_48_96.vhd
    Info (12022): Found design unit 1: pll_50_48_96-SYN File: C:/Users/Dominic/Documents/GitHub/BeebFpga_Dom/altera/de0-nano/de0_1bitvid_pal/pll_50_48_96.vhd Line: 54
    Info (12023): Found entity 1: pll_50_48_96 File: C:/Users/Dominic/Documents/GitHub/BeebFpga_Dom/altera/de0-nano/de0_1bitvid_pal/pll_50_48_96.vhd Line: 43
Info (12021): Found 2 design units, including 1 entities, in source file mem_de0_nano.vhd
    Info (12022): Found design unit 1: mem_de0_nano-rtl File: C:/Users/Dominic/Documents/GitHub/BeebFpga_Dom/altera/de0-nano/de0_1bitvid_pal/mem_de0_nano.vhd Line: 60
    Info (12023): Found entity 1: mem_de0_nano File: C:/Users/Dominic/Documents/GitHub/BeebFpga_Dom/altera/de0-nano/de0_1bitvid_pal/mem_de0_nano.vhd Line: 9
Info (12021): Found 2 design units, including 1 entities, in source file sdramctl.vhd
    Info (12022): Found design unit 1: sdramctl-rtl File: C:/Users/Dominic/Documents/GitHub/BeebFpga_Dom/altera/de0-nano/de0_1bitvid_pal/sdramctl.vhd Line: 89
    Info (12023): Found entity 1: sdramctl File: C:/Users/Dominic/Documents/GitHub/BeebFpga_Dom/altera/de0-nano/de0_1bitvid_pal/sdramctl.vhd Line: 35
Info (12021): Found 2 design units, including 0 entities, in source file board_config_pack.vhd
    Info (12022): Found design unit 1: board_config_pack File: C:/Users/Dominic/Documents/GitHub/BeebFpga_Dom/altera/de0-nano/de0_1bitvid_pal/board_config_pack.vhd Line: 2
    Info (12022): Found design unit 2: board_config_pack-body File: C:/Users/Dominic/Documents/GitHub/BeebFpga_Dom/altera/de0-nano/de0_1bitvid_pal/board_config_pack.vhd Line: 9
Error (10481): VHDL Use Clause error at bbc_micro_de0.vhd(887): design library "work" does not contain primary unit "pll2v". Verify that the primary unit exists in the library and has been successfully compiled. File: C:/Users/Dominic/Documents/GitHub/BeebFpga_Dom/src/altera/de0-nano/bbc_micro_de0.vhd Line: 887
Info (144001): Generated suppressed messages file C:/Users/Dominic/Documents/GitHub/BeebFpga_Dom/altera/de0-nano/de0_1bitvid_pal/output_files/bbc_micro_de0.map.smsg
Error: Quartus Prime Analysis & Synthesis was unsuccessful. 1 error, 3 warnings
    Error: Peak virtual memory: 4803 megabytes
    Error: Processing ended: Mon Mar 31 14:15:22 2025
    Error: Elapsed time: 00:00:07
    Error: Total CPU time (on all processors): 00:00:01


+------------------------------------------+
; Analysis & Synthesis Suppressed Messages ;
+------------------------------------------+
The suppressed messages can be found in C:/Users/Dominic/Documents/GitHub/BeebFpga_Dom/altera/de0-nano/de0_1bitvid_pal/output_files/bbc_micro_de0.map.smsg.


